// Jest Snapshot v1, https://goo.gl/fbAQLP

exports[`matches snapshot 1`] = `
<form
  class="NewListItemPrompt"
>
  <input
    class="NewListItemPrompt__input"
    placeholder="...New item"
    type="text"
    value=""
  />
  <button
    class="NewlistItemPrompt__submit"
    type="submit"
  >
    Submit
  </button>
</form>
`;
