// Jest Snapshot v1, https://goo.gl/fbAQLP

exports[`matches snapshot 1`] = `
<div
  className="CheckAllToggle"
>
  <Checkbox
    checked={true}
    id="foo"
    onChange={[Function]}
  />
  <div
    className="CheckAllToggle__textWrap"
  >
    <div
      className="CheckAllToggle__textLabel"
      onClick={[Function]}
    >
      Check / uncheck all
    </div>
  </div>
</div>
`;
