// Jest Snapshot v1, https://goo.gl/fbAQLP

exports[`matches snapshot 1`] = `
<TransitionGroup
  childFactory={[Function]}
  className="ActiveList"
  component="div"
>
  <ListItem
    checked={false}
    id="123123"
    item="apples"
    key="0"
  />
  <ListItem
    checked={true}
    id="321321"
    item="oranges"
    key="1"
  />
</TransitionGroup>
`;
