// Jest Snapshot v1, https://goo.gl/fbAQLP

exports[`matches snapshot 1`] = `
<div
  className="List"
>
  <ListItem
    checked={false}
    index={0}
    item="apples"
    key="0"
    onCheck={[MockFunction]}
  />
  <ListItem
    checked={true}
    index={1}
    item="oranges"
    key="1"
    onCheck={[MockFunction]}
  />
</div>
`;
