// Jest Snapshot v1, https://goo.gl/fbAQLP

exports[`matches snapshot 1`] = `
<div
  class="ListItem"
>
  <div
    class="DraggableHandle"
  >
    :
  </div>
  <label
    class="Checkbox ListItem__checkbox "
  >
    <input
      class="Checkbox__hidden"
      id="Checkbox-2"
      type="checkbox"
    />
    <svg
      class="Checkbox__icon"
      viewBox="0 0 24 24"
    >
      <polyline
        points="20 6 9 17 4 12"
      />
    </svg>
  </label>
  <p
    class="ListItem__text "
  />
  <div
    class="DeleteButton"
  >
    <button
      class="DeleteButton__inner"
      type="button"
    >
      Delete
    </button>
  </div>
</div>
`;
