// Jest Snapshot v1, https://goo.gl/fbAQLP

exports[`matches snapshot 1`] = `
<div
  className="ListItem"
>
  <div
    className="ListItem__draggable"
  >
    :
  </div>
  <Checkbox
    checked={false}
    className="ListItem__checkbox"
    index={1}
    itemId="123"
    onChange={[MockFunction]}
  />
  <p
    className="ListItem__text "
  >
    oranges
  </p>
  <DeleteButton
    itemId="123"
  />
</div>
`;
