// Jest Snapshot v1, https://goo.gl/fbAQLP

exports[`matches snapshot 1`] = `
<CSSTransition
  classNames={
    Object {
      "appear": "testPrefix--will-appear",
      "appearActive": "testPrefix--appearing",
      "appearDone": "testPrefix--appeared",
      "enter": "testPrefix--will-enter",
      "enterActive": "testPrefix--entering",
      "enterDone": "testPrefix--entered",
      "exit": "testPrefix--will-exit",
      "exitActive": "testPrefix--exiting",
      "exitDone": "testPrefix--exited",
    }
  }
  timeout={50}
>
  <p>
    Child
  </p>
</CSSTransition>
`;
