// Jest Snapshot v1, https://goo.gl/fbAQLP

exports[`matches snapshot 1`] = `
<div
  className="Checkbox checkbox"
  onClick={[MockFunction]}
>
  <input
    checked={false}
    className="Checkbox__toggle"
    id="foo"
    onChange={[MockFunction]}
    type="checkbox"
  />
  <label
    className="Checkbox__toggleLabel"
    htmlFor="foo"
  />
</div>
`;
