// Jest Snapshot v1, https://goo.gl/fbAQLP

exports[`matches snapshot 1`] = `
<div
  className="Checkbox checkbox"
>
  <input
    checked={false}
    className="Checkbox__hidden"
    id="foo"
    onChange={[MockFunction]}
    type="checkbox"
  />
  <label
    className="Checkbox__styled "
    htmlFor="foo"
  >
    <svg
      className="Checkbox__icon"
      viewBox="0 0 24 24"
    >
      <polyline
        points="20 6 9 17 4 12"
      />
    </svg>
  </label>
</div>
`;
