// Jest Snapshot v1, https://goo.gl/fbAQLP

exports[`matches snapshot 1`] = `
<footer
  class="Footer"
>
  <small
    class="Attribution"
  >
    Logo made by 
    <a
      class="Attribution__link"
      href="https://www.flaticon.com/authors/vectors-market"
      title="Vectors Market"
    >
      Vectors Market
    </a>
     from 
    <a
      class="Attribution__link"
      href="https://www.flaticon.com/"
      title="Flaticon"
    >
       www.flaticon.com
    </a>
  </small>
</footer>
`;
