// Jest Snapshot v1, https://goo.gl/fbAQLP

exports[`matches snapshot 1`] = `
<header
  class="Header"
>
  <div
    class="Header__left"
  >
    <figure
      class="Header__logoWrap"
    >
      <img
        alt="Listr Logo"
        class="Header__logo"
        src="logo.svg"
      />
    </figure>
    <h1
      class="Header__logoText"
    >
      Listr
    </h1>
    <small
      class="Header__version"
    >
      v
      1.2.3
    </small>
  </div>
</header>
`;
